B01_1 P01_3 2
B01_2 P01_2 2
B01_3 P01_4 2
B02_1 P02_3 0
B02_2 P01_1 1
B03_1 P02_4 1
B03_2 P02_1 1
B03_3 P02_2 1
Celkem: 10
