Group size: 40
D01: 10
D02: 10
D03: 20
D04: ]15[
D05: 10
D06: ]5[
D07: 10
D08: 20
D09: ]25[
Time: 7
