Vy: 0
Kola: -2
Interier: -3
Motor: -3
Skla: -4
Kapota: -5
Podvozek: -6
Sroubky: -6
